// Jest Snapshot v1, https://goo.gl/fbAQLP

exports[`engine prints error if increase in eslint warnings 1`] = `
Object {
  "message": "Warnings of [1m\\"no-console\\"[22m have increase by +1 in \\"index.js\\"",
  "type": "error",
}
`;

exports[`engine returns message about turning off warning when count is zero 1`] = `
Object {
  "message": "No [1m\\"no-console\\"[22m warnings are being reported. You can turn it on as an error!",
  "type": "info",
}
`;

exports[`engine throws error if no esplint config 1`] = `"[31mâœ– No config file found.[39m"`;

exports[`engine warns when rule is specified in esplint config but is not a warning in your eslint config 1`] = `
Object {
  "message": "[1m\\"no-console\\"[22m is specified in your esplint config but is not a warning in your eslint config.",
  "type": "warning",
}
`;
